Phase 1: Ingestion
SHA256: 8244247caa6de982853d891e7651e6aff70e2cbe80c9c1468fa947ee0340e508
PE Header parsed successfully.
No PDB info found. Skipping PDB fetch.
Phase 2: Decompilation
Orchestrating Dockerized headless decompilation for input/explorer.exe...
Running: docker run --rm -v $(pwd):/workspace ghidra-decompiler /opt/ghidra/support/analyzeHeadless /workspace/project Project -import /workspace/input/explorer.exe -postScript /workspace/scripts/DumpC.py
Decompilation complete. Output saved to src/monolithic_output.c
Phase 3: Refinement
Refining C macros and casts...
Segmenting C output into src modules...
Synthesizing headers into include...
Phase 4: Cross Compilation
-- Configuring done (0.1s)
-- Generating done (0.0s)
-- Build files have been written to: /app/build
[ 20%] Building C object CMakeFiles/ExplorerDecompiledStatic.dir/src/monolithic_output.c.obj
[ 40%] Linking CXX static library libExplorerDecompiledStatic.a
[100%] Built target ExplorerDecompiledStatic
Phase 5/6: AST Refinement
Flattening CFG (AST)...
Synthesizing while loop blocks from backward gotos...
Pipeline complete.
